lowered 6 clause(s):
  __CPROVER_requires(n > 1 && n < 64)
  __CPROVER_requires(__CPROVER_is_fresh((p), (n)))
  __CPROVER_assigns(__CPROVER_object_upto((p) + (0), ((1) - (0)) * sizeof(*(p))))
  __CPROVER_assigns(i, __CPROVER_object_upto((p) + (0), ((1) - (0)) * sizeof(*(p))))
  __CPROVER_loop_invariant(i <= n)
  __CPROVER_decreases(n - i)
mode: enforce (frame checked)
vacuity: zero's preconditions are satisfiable
zero: VERIFICATION FAILED
exit 1
