warning: contract_writable((p), (n)) says p is writable, which claims nothing about what object it points into. Add pre(fresh(p, n)) beside it, or the proof reports failures that are not defects.
lowered 3 clause(s):
  __CPROVER_requires((p) != 0)
  __CPROVER_requires(__CPROVER_w_ok((p), (n)))
  __CPROVER_assigns(__CPROVER_object_upto(((char *)(p)), (n)))
note: the frame is not checked -- a loop in zero_writes carries no contract, so the proof runs from the generated entry point instead
mode: harness (frame not checked)
vacuity: zero_writes's preconditions are satisfiable
zero_writes: VERIFICATION FAILED
exit 1
