CASE/callsite.c:9:25: precondition of 'allocate': n > 0
CASE/callsite.c:10:24: precondition of 'bounded': n < 10
CASE/callsite.c:74:25: precondition of 'forwards': n > 0
CASE/callsite.c:86:31: precondition of 'forwards_split': n == 0
CASE/callsite.c:95:18: precondition of 'scale': k != 0
CASE/callsite.c:18:3: warning: precondition n > 0 of 'allocate' is violated by this call
CASE/callsite.c:25:3: warning: precondition n > 0 of 'allocate' is violated by this call
CASE/callsite.c:89:3: warning: precondition n > 0 of 'allocate' is violated by this call
CASE/callsite.c:101:3: warning: precondition k != 0 of 'scale' is violated by this call
CASE/callsite.c:109:5: warning: precondition n < 10 of 'bounded' is not guaranteed by the constraints at this call
